// Jest Snapshot v1, https://goo.gl/fbAQLP

exports[`<Header /> should match snapshot 1`] = `
<Header__Wrapper>
  <PageWrapper>
    <Header__Title>
      test title
    </Header__Title>
    <Memo
      label="test label"
      onClick={[Function]}
    />
  </PageWrapper>
</Header__Wrapper>
`;
