// Jest Snapshot v1, https://goo.gl/fbAQLP

exports[`<Link /> should match snapshot 1`] = `
<a
  class="Link-sc-1h9b3xn-0 bTnYqW"
  href="/test"
  theme="[object Object]"
>
  HeaderLink
</a>
`;
