// Jest Snapshot v1, https://goo.gl/fbAQLP

exports[`<HomePage /> should render and match the snapshot 1`] = `
<React.Fragment>
  <Helmet
    defer={true}
    encodeSpecialCharacters={true}
    prioritizeSeoTags={false}
  >
    <title>
      Login Page
    </title>
    <meta
      content="Student Login Page"
      name="description"
    />
  </Helmet>
  <Header
    label="Login"
    onClick={[Function]}
    title="Login Page"
  />
  <PageWrapper />
</React.Fragment>
`;
