// Jest Snapshot v1, https://goo.gl/fbAQLP

exports[`<NotFoundPage /> should match snapshot 1`] = `
Array [
  <header
    className="NavBar__Wrapper-sc-12pgbns-0 bZmobt"
  >
    <div
      className="PageWrapper-sc-19y8x3q-0 ekCIlZ"
    >
      <div
        className="Logo__Wrapper-sc-1xqu34i-0 htOFag"
      >
        <div
          className="Logo__Title-sc-1xqu34i-1 kOKczW"
        >
          React Boilerplate
        </div>
        <div
          className="Logo__Description-sc-1xqu34i-2 coKsiQ"
        >
          Create React App Template
        </div>
      </div>
      <nav
        className="Nav__Wrapper-sc-1doo493-0 bQazae"
      >
        <a
          className="Nav__Item-sc-1doo493-1 dorFrm"
          href="https://cansahin.gitbook.io/react-boilerplate-cra-template/"
          rel="noopener noreferrer"
          target="_blank"
          title="Documentation Page"
        >
          Documentation
        </a>
        <a
          className="Nav__Item-sc-1doo493-1 dorFrm"
          href="https://github.com/react-boilerplate/react-boilerplate-cra-template"
          rel="noopener noreferrer"
          target="_blank"
          title="Github Page"
        >
          Github
        </a>
      </nav>
    </div>
  </header>,
  <div
    className="NotFoundPage__Wrapper-sc-1rjulbm-0 QKPeK"
  >
    <div
      className="NotFoundPage__Title-sc-1rjulbm-1 kgktjz"
    >
      4
      <span
        aria-label="Crying Face"
        role="img"
      >
        ðŸ˜¢
      </span>
      4
    </div>
    <p
      className="P-sc-o6q1fe-0 hhGSkW"
    >
      Page not found.
    </p>
    <a
      className="Link-sc-1h9b3xn-0 bTnYqW"
      href="/"
      onClick={[Function]}
    >
      Return to Home Page
    </a>
  </div>,
]
`;
