// Jest Snapshot v1, https://goo.gl/fbAQLP

exports[`<Subtitle /> should render and match the snapshot 1`] = `
<h3
  class="SubTitle-sc-18iloar-0 dRWekn"
/>
`;
